// Jest Snapshot v1, https://goo.gl/fbAQLP

exports[`<Display /> snapshop 1`] = `
<DocumentFragment>
  <div
    class="display panel"
  >
    <div
      class="led green-led"
      data-testid="lock"
    >
      Unlocked
    </div>
    <div
      class="led green-led"
      data-testid="open-close"
    >
      Open
    </div>
  </div>
</DocumentFragment>
`;
